main.c:124:13:publish	128	static
main.c:140:6:HAL_UART_RxCpltCallback	24	static
main.c:163:13:receive_handler	16	static
main.c:168:6:testMQTT	2704	static
main.c:248:5:main	224	static
main.c:350:6:SystemClock_Config	88	static
main.c:394:13:MX_I2C1_Init	8	static
main.c:428:13:MX_I2C2_Init	8	static
main.c:462:13:MX_SPI2_Init	8	static
main.c:500:13:MX_SPI3_Init	8	static
main.c:538:13:MX_TIM1_Init	96	static
main.c:615:13:MX_TIM2_Init	64	static
main.c:674:13:MX_TIM3_Init	32	static
main.c:719:13:MX_USART1_UART_Init	8	static
main.c:752:13:MX_USART2_UART_Init	8	static
main.c:785:13:MX_USART6_UART_Init	8	static
main.c:818:13:MX_GPIO_Init	48	static
main.c:877:6:StartSensor_Task	16	static
main.c:903:6:StartControl_Task	120	static
main.c:932:6:StartDisplay_task	16	static
main.c:950:6:StartServer_task	16	static
main.c:986:6:Error_Handler	4	static
